gplink-1.4.0 #1107 (Apr  3 2018)
Copyright (c) 1998-2014 gputils project
Listing File Generated: 8-30-2023  12:27:38
 
 
Address  Value    Disassembly              Source
-------  -----    -----------              ------
                                           ;--------------------------------------------------------
                                           ; File Created by SDCC : free open source ANSI-C Compiler
                                           ; Version 4.0.0 #11528 (Linux)
                                           ;--------------------------------------------------------
                                           ; PIC port for the 14-bit core
                                           ;--------------------------------------------------------
                                           ;	.file	"blink.c"
                                           	list	p=12f675
                                           	radix dec
                                           	include "p12f675.inc"
                                                   LIST
                                           
                                           ;==========================================================================
                                           ; Build date : Aug 07 2014
                                           ;  MPASM PIC12F675 processor include
                                           ; 
                                           ;  (c) Copyright 1999-2014 Microchip Technology, All rights reserved
                                           ;==========================================================================
                                           
                                                   NOLIST
                                           ;--------------------------------------------------------
                                           ; external declarations
                                           ;--------------------------------------------------------
                                           	extern	_TRISIO
                                           	extern	_GPIO
                                           	extern	_GPIObits
                                           	extern	__sdcc_gsinit_startup
                                           ;--------------------------------------------------------
                                           ; global declarations
                                           ;--------------------------------------------------------
                                           	global	_main
                                           	global	_ptr
                                           	global	_value
                                           	global	_delay
                                           
                                           	global PSAVE
                                           	global SSAVE
                                           	global WSAVE
                                           	global STK12
                                           	global STK11
                                           	global STK10
                                           	global STK09
                                           	global STK08
                                           	global STK07
                                           	global STK06
                                           	global STK05
                                           	global STK04
                                           	global STK03
                                           	global STK02
                                           	global STK01
                                           	global STK00
                                           
                                           sharebank udata_ovr 0x0020
                                           PSAVE	res 1
                                           SSAVE	res 1
                                           WSAVE	res 1
                                           STK12	res 1
                                           STK11	res 1
                                           STK10	res 1
                                           STK09	res 1
                                           STK08	res 1
                                           STK07	res 1
                                           STK06	res 1
                                           STK05	res 1
                                           STK04	res 1
                                           STK03	res 1
                                           STK02	res 1
                                           STK01	res 1
                                           STK00	res 1
                                           
                                           ;--------------------------------------------------------
                                           ; global definitions
                                           ;--------------------------------------------------------
                                           ;--------------------------------------------------------
                                           ; absolute symbol definitions
                                           ;--------------------------------------------------------
                                           ;--------------------------------------------------------
                                           ; compiler-defined variables
                                           ;--------------------------------------------------------
                                           UDL_blink_0	udata
                                           r0x1014	res	1
                                           r0x1015	res	1
                                           r0x1016	res	1
                                           r0x1017	res	1
                                           r0x100D	res	1
                                           r0x100C	res	1
                                           r0x100E	res	1
                                           r0x100F	res	1
                                           r0x1010	res	1
                                           r0x1011	res	1
                                           r0x1012	res	1
                                           r0x1013	res	1
                                           ;--------------------------------------------------------
                                           ; initialized data
                                           ;--------------------------------------------------------
                                           
                                           IDD_blink_0	idata
                                           _value
                                           	db	0x01, 0x00	;  1
                                           	db	0x02, 0x00	;  2
                                           	db	0x03, 0x00	;  3
                                           	db	0x05, 0x00	;  5
                                           	db	0x07, 0x00	;  7
                                           	db	0x15, 0x00	;  21
                                           
                                           
                                           IDD_blink_1	idata
                                           _ptr
                                           	db	low(_value), high(_value), 0x00
                                           
                                           ;--------------------------------------------------------
                                           ; initialized absolute data
                                           ;--------------------------------------------------------
                                           ;--------------------------------------------------------
                                           ; overlayable items in internal ram 
                                           ;--------------------------------------------------------
                                           ;	udata_ovr
                                           ;--------------------------------------------------------
                                           ; reset vector 
                                           ;--------------------------------------------------------
                                           STARTUP	code 0x0000
000000   0000     nop                      	nop
                                           	pagesel __sdcc_gsinit_startup
000001   2802     goto    0x0002           	goto	__sdcc_gsinit_startup
                                           ;--------------------------------------------------------
                                           ; code
                                           ;--------------------------------------------------------
                                           code_blink	code
                                           ;***
                                           ;  pBlock Stats: dbName = M
                                           ;***
                                           ;has an exit
                                           ;functions called:
                                           ;   _delay
                                           ;   _delay
                                           ;5 compiler assigned registers:
                                           ;   r0x1014
                                           ;   r0x1015
                                           ;   r0x1016
                                           ;   STK00
                                           ;   r0x1017
                                           ;; Starting pCode block
                                           S_blink__main	code
                                           _main:
                                           ; 2 exit points
                                           ;	.line	33; "blink.c"	TRISIO = 0b00001000; //Poner todos los pines como salidas
00009e   3008     movlw   0x08             	MOVLW	0x08
00009f   1683     bsf     0x03, 0x5        	BANKSEL	_TRISIO
0000a0   0085     movwf   0x05             	MOVWF	_TRISIO
                                           ;	.line	34; "blink.c"	GPIO = 0x00; //Poner pines en bajo
0000a1   1283     bcf     0x03, 0x5        	BANKSEL	_GPIO
0000a2   0185     clrf    0x05             	CLRF	_GPIO
                                           ;	.line	37; "blink.c"	int random = 1;
0000a3   3001     movlw   0x01             	MOVLW	0x01
0000a4   00b0     movwf   0x30             	MOVWF	r0x1014
0000a5   01b1     clrf    0x31             	CLRF	r0x1015
                                           _00117_DS_:
                                           ;	.line	42; "blink.c"	if (!GP3) 
0000a6   1283     bcf     0x03, 0x5        	BANKSEL	_GPIObits
0000a7   1985     btfsc   0x05, 0x3        	BTFSC	_GPIObits,3
0000a8   28f1     goto    0x00f1           	GOTO	_00114_DS_
                                           ;;signed compare: left < lit(0x1=1), size=2, mask=ffff
                                           ;	.line	46; "blink.c"	switch (random) 
0000a9   0831     movf    0x31, 0x0        	MOVF	r0x1015,W
0000aa   3e80     addlw   0x80             	ADDLW	0x80
0000ab   3e80     addlw   0x80             	ADDLW	0x80
0000ac   1d03     btfss   0x03, 0x2        	BTFSS	STATUS,2
0000ad   28b0     goto    0x00b0           	GOTO	_00148_DS_
0000ae   3001     movlw   0x01             	MOVLW	0x01
0000af   0230     subwf   0x30, 0x0        	SUBWF	r0x1014,W
                                           _00148_DS_:
0000b0   1c03     btfss   0x03, 0x0        	BTFSS	STATUS,0
0000b1   28e8     goto    0x00e8           	GOTO	_00111_DS_
                                           ;;genSkipc:3307: created from rifx:0x7fffe17c4bc0
                                           ;;swapping arguments (AOP_TYPEs 1/2)
                                           ;;signed compare: left >= lit(0x7=7), size=2, mask=ffff
0000b2   0831     movf    0x31, 0x0        	MOVF	r0x1015,W
0000b3   3e80     addlw   0x80             	ADDLW	0x80
0000b4   3e80     addlw   0x80             	ADDLW	0x80
0000b5   1d03     btfss   0x03, 0x2        	BTFSS	STATUS,2
0000b6   28b9     goto    0x00b9           	GOTO	_00149_DS_
0000b7   3007     movlw   0x07             	MOVLW	0x07
0000b8   0230     subwf   0x30, 0x0        	SUBWF	r0x1014,W
                                           _00149_DS_:
0000b9   1803     btfsc   0x03, 0x0        	BTFSC	STATUS,0
0000ba   28e8     goto    0x00e8           	GOTO	_00111_DS_
                                           ;;genSkipc:3307: created from rifx:0x7fffe17c4bc0
0000bb   0330     decf    0x30, 0x0        	DECF	r0x1014,W
0000bc   00b2     movwf   0x32             	MOVWF	r0x1016
0000bd   3000     movlw   0x00             	MOVLW	HIGH(_00150_DS_)
0000be   008a     movwf   0x0a             	MOVWF	PCLATH
0000bf   30c4     movlw   0xc4             	MOVLW	_00150_DS_
0000c0   0732     addwf   0x32, 0x0        	ADDWF	r0x1016,W
0000c1   1803     btfsc   0x03, 0x0        	BTFSC	STATUS,0
0000c2   0a8a     incf    0x0a, 0x1        	INCF	PCLATH,F
0000c3   0082     movwf   0x02             	MOVWF	PCL
                                           _00150_DS_:
0000c4   28ca     goto    0x00ca           	GOTO	_00105_DS_
0000c5   28cf     goto    0x00cf           	GOTO	_00106_DS_
0000c6   28d4     goto    0x00d4           	GOTO	_00107_DS_
0000c7   28d9     goto    0x00d9           	GOTO	_00108_DS_
0000c8   28de     goto    0x00de           	GOTO	_00109_DS_
0000c9   28e3     goto    0x00e3           	GOTO	_00110_DS_
                                           _00105_DS_:
                                           ;	.line	49; "blink.c"	GPIO |= value[0];
0000ca   083c     movf    0x3c, 0x0        	MOVF	(_value + 0),W
0000cb   00b2     movwf   0x32             	MOVWF	r0x1016
0000cc   1283     bcf     0x03, 0x5        	BANKSEL	_GPIO
0000cd   0485     iorwf   0x05, 0x1        	IORWF	_GPIO,F
                                           ;	.line	50; "blink.c"	break;
0000ce   28ea     goto    0x00ea           	GOTO	_00112_DS_
                                           _00106_DS_:
                                           ;	.line	52; "blink.c"	GPIO |= value[1];
0000cf   083e     movf    0x3e, 0x0        	MOVF	(_value + 2),W
0000d0   00b2     movwf   0x32             	MOVWF	r0x1016
0000d1   1283     bcf     0x03, 0x5        	BANKSEL	_GPIO
0000d2   0485     iorwf   0x05, 0x1        	IORWF	_GPIO,F
                                           ;	.line	53; "blink.c"	break;
0000d3   28ea     goto    0x00ea           	GOTO	_00112_DS_
                                           _00107_DS_:
                                           ;	.line	55; "blink.c"	GPIO |= value[2];
0000d4   0840     movf    0x40, 0x0        	MOVF	(_value + 4),W
0000d5   00b2     movwf   0x32             	MOVWF	r0x1016
0000d6   1283     bcf     0x03, 0x5        	BANKSEL	_GPIO
0000d7   0485     iorwf   0x05, 0x1        	IORWF	_GPIO,F
                                           ;	.line	56; "blink.c"	break;
0000d8   28ea     goto    0x00ea           	GOTO	_00112_DS_
                                           _00108_DS_:
                                           ;	.line	58; "blink.c"	GPIO |= value[3];
0000d9   0842     movf    0x42, 0x0        	MOVF	(_value + 6),W
0000da   00b2     movwf   0x32             	MOVWF	r0x1016
0000db   1283     bcf     0x03, 0x5        	BANKSEL	_GPIO
0000dc   0485     iorwf   0x05, 0x1        	IORWF	_GPIO,F
                                           ;	.line	59; "blink.c"	break;
0000dd   28ea     goto    0x00ea           	GOTO	_00112_DS_
                                           _00109_DS_:
                                           ;	.line	61; "blink.c"	GPIO |= value[4];
0000de   0844     movf    0x44, 0x0        	MOVF	(_value + 8),W
0000df   00b2     movwf   0x32             	MOVWF	r0x1016
0000e0   1283     bcf     0x03, 0x5        	BANKSEL	_GPIO
0000e1   0485     iorwf   0x05, 0x1        	IORWF	_GPIO,F
                                           ;	.line	62; "blink.c"	break;
0000e2   28ea     goto    0x00ea           	GOTO	_00112_DS_
                                           _00110_DS_:
                                           ;	.line	64; "blink.c"	GPIO |= value[5];
0000e3   0846     movf    0x46, 0x0        	MOVF	(_value + 10),W
0000e4   00b2     movwf   0x32             	MOVWF	r0x1016
0000e5   1283     bcf     0x03, 0x5        	BANKSEL	_GPIO
0000e6   0485     iorwf   0x05, 0x1        	IORWF	_GPIO,F
                                           ;	.line	65; "blink.c"	break;
0000e7   28ea     goto    0x00ea           	GOTO	_00112_DS_
                                           _00111_DS_:
                                           ;	.line	67; "blink.c"	GPIO &= 0x00;
0000e8   1283     bcf     0x03, 0x5        	BANKSEL	_GPIO
0000e9   0185     clrf    0x05             	CLRF	_GPIO
                                           _00112_DS_:
                                           ;	.line	70; "blink.c"	delay(time);
0000ea   3064     movlw   0x64             	MOVLW	0x64
0000eb   00af     movwf   0x2f             	MOVWF	STK00
0000ec   3000     movlw   0x00             	MOVLW	0x00
                                           	PAGESEL	_delay
0000ed   213e     call    0x013e           	CALL	_delay
                                           	PAGESEL	$
                                           ;	.line	72; "blink.c"	GPIO &= 0x00;
0000ee   1283     bcf     0x03, 0x5        	BANKSEL	_GPIO
0000ef   0185     clrf    0x05             	CLRF	_GPIO
0000f0   28a6     goto    0x00a6           	GOTO	_00117_DS_
                                           ;;swapping arguments (AOP_TYPEs 1/2)
                                           ;;signed compare: left >= lit(0x7=7), size=2, mask=ffff
                                           _00114_DS_:
                                           ;	.line	78; "blink.c"	random = (random>6) ? 0 : random;
0000f1   0831     movf    0x31, 0x0        	MOVF	r0x1015,W
0000f2   3e80     addlw   0x80             	ADDLW	0x80
0000f3   3e80     addlw   0x80             	ADDLW	0x80
0000f4   1d03     btfss   0x03, 0x2        	BTFSS	STATUS,2
0000f5   28f8     goto    0x00f8           	GOTO	_00151_DS_
0000f6   3007     movlw   0x07             	MOVLW	0x07
0000f7   0230     subwf   0x30, 0x0        	SUBWF	r0x1014,W
                                           _00151_DS_:
0000f8   1c03     btfss   0x03, 0x0        	BTFSS	STATUS,0
0000f9   28fd     goto    0x00fd           	GOTO	_00121_DS_
                                           ;;genSkipc:3307: created from rifx:0x7fffe17c4bc0
0000fa   01b2     clrf    0x32             	CLRF	r0x1016
0000fb   01b3     clrf    0x33             	CLRF	r0x1017
0000fc   2901     goto    0x0101           	GOTO	_00122_DS_
                                           _00121_DS_:
0000fd   0830     movf    0x30, 0x0        	MOVF	r0x1014,W
0000fe   00b2     movwf   0x32             	MOVWF	r0x1016
0000ff   0831     movf    0x31, 0x0        	MOVF	r0x1015,W
000100   00b3     movwf   0x33             	MOVWF	r0x1017
                                           _00122_DS_:
                                           ;	.line	79; "blink.c"	random++;
000101   3001     movlw   0x01             	MOVLW	0x01
000102   0732     addwf   0x32, 0x0        	ADDWF	r0x1016,W
000103   00b0     movwf   0x30             	MOVWF	r0x1014
000104   01b1     clrf    0x31             	CLRF	r0x1015
000105   0db1     rlf     0x31, 0x1        	RLF	r0x1015,F
000106   0833     movf    0x33, 0x0        	MOVF	r0x1017,W
000107   07b1     addwf   0x31, 0x1        	ADDWF	r0x1015,F
000108   28a6     goto    0x00a6           	GOTO	_00117_DS_
                                           ;	.line	84; "blink.c"	}
000109   0008     return                   	RETURN	
                                           ; exit point of _main
                                           
                                           ;***
                                           ;  pBlock Stats: dbName = C
                                           ;***
                                           ;has an exit
                                           ;9 compiler assigned registers:
                                           ;   r0x100C
                                           ;   STK00
                                           ;   r0x100D
                                           ;   r0x100E
                                           ;   r0x100F
                                           ;   r0x1010
                                           ;   r0x1011
                                           ;   r0x1012
                                           ;   r0x1013
                                           ;; Starting pCode block
                                           S_blink__delay	code
                                           _delay:
                                           ; 2 exit points
                                           ;	.line	86; "blink.c"	void delay(unsigned int tiempo)
00013e   00b5     movwf   0x35             	MOVWF	r0x100C
00013f   082f     movf    0x2f, 0x0        	MOVF	STK00,W
000140   00b4     movwf   0x34             	MOVWF	r0x100D
                                           ;	.line	91; "blink.c"	for(i=0;i<tiempo;i++)
000141   01b6     clrf    0x36             	CLRF	r0x100E
000142   01b7     clrf    0x37             	CLRF	r0x100F
                                           _00162_DS_:
000143   0835     movf    0x35, 0x0        	MOVF	r0x100C,W
000144   0237     subwf   0x37, 0x0        	SUBWF	r0x100F,W
000145   1d03     btfss   0x03, 0x2        	BTFSS	STATUS,2
000146   2949     goto    0x0149           	GOTO	_00183_DS_
000147   0834     movf    0x34, 0x0        	MOVF	r0x100D,W
000148   0236     subwf   0x36, 0x0        	SUBWF	r0x100E,W
                                           _00183_DS_:
000149   1803     btfsc   0x03, 0x0        	BTFSC	STATUS,0
00014a   2964     goto    0x0164           	GOTO	_00164_DS_
                                           ;;genSkipc:3307: created from rifx:0x7fffe17c4bc0
                                           ;	.line	92; "blink.c"	for(j=0;j<1275;j++);
00014b   30fb     movlw   0xfb             	MOVLW	0xfb
00014c   00b8     movwf   0x38             	MOVWF	r0x1010
00014d   3004     movlw   0x04             	MOVLW	0x04
00014e   00b9     movwf   0x39             	MOVWF	r0x1011
                                           _00160_DS_:
00014f   30ff     movlw   0xff             	MOVLW	0xff
000150   0738     addwf   0x38, 0x0        	ADDWF	r0x1010,W
000151   00ba     movwf   0x3a             	MOVWF	r0x1012
000152   30ff     movlw   0xff             	MOVLW	0xff
000153   00bb     movwf   0x3b             	MOVWF	r0x1013
000154   0839     movf    0x39, 0x0        	MOVF	r0x1011,W
000155   1803     btfsc   0x03, 0x0        	BTFSC	STATUS,0
000156   0f39     incfsz  0x39, 0x0        	INCFSZ	r0x1011,W
000157   07bb     addwf   0x3b, 0x1        	ADDWF	r0x1013,F
000158   083a     movf    0x3a, 0x0        	MOVF	r0x1012,W
000159   00b8     movwf   0x38             	MOVWF	r0x1010
00015a   083b     movf    0x3b, 0x0        	MOVF	r0x1013,W
00015b   00b9     movwf   0x39             	MOVWF	r0x1011
00015c   083b     movf    0x3b, 0x0        	MOVF	r0x1013,W
00015d   043a     iorwf   0x3a, 0x0        	IORWF	r0x1012,W
00015e   1d03     btfss   0x03, 0x2        	BTFSS	STATUS,2
00015f   294f     goto    0x014f           	GOTO	_00160_DS_
                                           ;	.line	91; "blink.c"	for(i=0;i<tiempo;i++)
000160   0ab6     incf    0x36, 0x1        	INCF	r0x100E,F
000161   1903     btfsc   0x03, 0x2        	BTFSC	STATUS,2
000162   0ab7     incf    0x37, 0x1        	INCF	r0x100F,F
000163   2943     goto    0x0143           	GOTO	_00162_DS_
                                           _00164_DS_:
                                           ;	.line	93; "blink.c"	}
000164   0008     return                   	RETURN	
                                           ; exit point of _delay
                                           
                                           
                                           ;	code size estimation:
                                           ;	  136+   13 =   149 instructions (  324 byte)
                                           
                                           	end
